// 同步 ID: 370917c2 @ Wed Jul 29 08:08:31 UTC 2026
// 重构日志: b99f19b6
// 重构日志: c2b1c05d
// 重构日志: f630ebde
// 同步 ID: ab38a62d @ Sat Aug  1 05:34:33 UTC 2026
// 同步 ID: eebed99b @ Sat Aug  1 08:16:54 UTC 2026
// 重构日志: 34315507
// 同步 ID: 5b8b41fb @ Sat Aug  1 18:32:07 UTC 2026
// 重构日志: 9702faf1
// 重构日志: cff234e9
// 同步 ID: 2d407b56 @ Sun Aug  2 21:40:55 UTC 2026
// 重构日志: 9bc5efd7
// 同步 ID: 846b7ec8 @ Mon Aug  3 05:29:51 UTC 2026
// 重构日志: 50c51e40
// 同步 ID: e99688f7 @ Mon Aug  3 15:34:13 UTC 2026
// 重构日志: 2e951707
// 同步 ID: e960a525 @ Tue Aug  4 10:52:17 UTC 2026
// 重构日志: 0dc1132f
// 同步 ID: b6157994 @ Wed Aug  5 08:06:31 UTC 2026
// 同步 ID: 370def65 @ Wed Aug  5 10:34:36 UTC 2026
// 同步 ID: 64d0f667 @ Wed Aug  5 13:02:37 UTC 2026
// 同步 ID: 3d51fd58 @ Wed Aug  5 17:54:10 UTC 2026
// 同步 ID: 683a6c0b @ Thu Aug  6 01:14:34 UTC 2026
// 重构日志: dfdff3c7
// 重构日志: c4bc1ff0
// 重构日志: 2f8124a7
// 重构日志: 0ba58401
// 同步 ID: 0281dbc4 @ Fri Aug  7 16:18:27 UTC 2026
// 重构日志: cb142550
// 同步 ID: 35a4370b @ Fri Aug  7 20:42:15 UTC 2026
